// Jest Snapshot v1, https://goo.gl/fbAQLP

exports[`Home component should render Home component 1`] = `
<DocumentFragment>
  <div
    class="sc-AxhUy YVgRz"
  >
    <img
      alt=""
      class="sc-AxjAm fqTcMn"
      radius="100%"
      src="https://naomi-assets.s3.eu-west-2.amazonaws.com/me.jpg"
      width="150px"
    />
    <div
      class="sc-AxhCb kScNmO"
    >
      <p>
        Iâ€™m Naomi Prescod-Green, a Full Stack JavaScript Contractor and founder of Codes Green Ltd. 
        <br />
         
I have a Computer Science background and specialise in React, Vanilla and Node JavaScript. 
        <br />
         
I enjoy working on complex projects that test my skills and teach me new approaches to software 
development.
      </p>
    </div>
  </div>
</DocumentFragment>
`;
